*** Using Compiler 'V6.19', folder: 'D:\STM32\KEIL\ARM\ARMCLANG\Bin'
Rebuild target 'gimbal'
Note: source file '..\Protocol\Src\CRC.c' - object file renamed from 'gimbal\CRC.o' to 'gimbal\crc_1.o'.assembling startup_stm32h723xx.s...
compiling freertos.c...
compiling stm32h7xx_it.c...
compiling stm32h7xx_hal_msp.c...
compiling gpio.c...
compiling spi.c...
compiling stm32h7xx_hal_timebase_tim.c...
compiling crc.c...
compiling tim.c...
compiling usart.c...
compiling fdcan.c...
compiling rtc.c...
compiling dma.c...
compiling main.c...
compiling usb_device.c...
compiling usbd_desc.c...
compiling usbd_cdc_if.c...
compiling stm32h7xx_hal_pcd.c...
compiling usbd_conf.c...
compiling stm32h7xx_hal_pcd_ex.c...
compiling stm32h7xx_hal_flash.c...
compiling stm32h7xx_hal_flash_ex.c...
compiling stm32h7xx_hal_rcc.c...
compiling stm32h7xx_hal_tim_ex.c...
compiling stm32h7xx_ll_usb.c...
compiling stm32h7xx_hal_rcc_ex.c...
compiling stm32h7xx_hal_hsem.c...
compiling stm32h7xx_hal_tim.c...
compiling stm32h7xx_hal_gpio.c...
compiling stm32h7xx_hal_pwr.c...
compiling stm32h7xx_hal_dma_ex.c...
compiling stm32h7xx_hal_pwr_ex.c...
compiling stm32h7xx_hal_mdma.c...
compiling stm32h7xx_hal_i2c_ex.c...
compiling stm32h7xx_hal.c...
compiling stm32h7xx_hal_cortex.c...
compiling stm32h7xx_hal_exti.c...
compiling stm32h7xx_hal_crc_ex.c...
compiling stm32h7xx_hal_crc.c...
compiling stm32h7xx_hal_dma.c...
compiling stm32h7xx_hal_fdcan.c...
compiling stm32h7xx_hal_i2c.c...
compiling stm32h7xx_hal_rtc.c...
compiling stm32h7xx_hal_rtc_ex.c...
compiling croutine.c...
compiling list.c...
compiling stm32h7xx_hal_spi.c...
compiling event_groups.c...
compiling stm32h7xx_hal_spi_ex.c...
compiling system_stm32h7xx.c...
compiling queue.c...
compiling stm32h7xx_hal_uart_ex.c...
compiling stream_buffer.c...
compiling heap_4.c...
compiling timers.c...
compiling port.c...
compiling tasks.c...
compiling stm32h7xx_hal_uart.c...
compiling usbd_core.c...
compiling usbd_ctlreq.c...
compiling usbd_ioreq.c...
compiling cmsis_os2.c...
compiling Gimbal_Control_Task.c...
compiling Referee_Task.c...
compiling SBUS_Task.c...
compiling usbd_cdc.c...
compiling Shoot_Task.c...
compiling pid.c...
compiling FrictionWheel.c...
compiling Dial.c...
compiling Cloud_Control.c...
compiling Shoot.c...
compiling BSP_Can.c...
compiling BSP_BoardCommunication.c...
compiling BSP_Usart.c...
compiling Protocol_Referee.c...
compiling Gimbal_Motors.c...
compiling CRC.c...
compiling UI.c...
compiling SBUS.c...
linking...
Program Size: Code=113676 RO-data=2576 RW-data=264 ZI-data=164432  
FromELF: creating hex file...
"gimbal\gimbal.axf" - 0 Error(s), 0 Warning(s).
Build Time Elapsed:  00:00:03
